// Jest Snapshot v1, https://goo.gl/fbAQLP

exports[`Index page matches snapshot 1`] = `
<DocumentFragment>
  <main>
    <div
      class="app_1mrdeqi-o_O-fullHeight_1lwrul0"
    >
      <div
        class="mainContent_lvw97s"
      >
        <img
          class="iconImage_l2q5ji"
          src="assets/lumosity_white_logo_with_r.svg"
        />
      </div>
    </div>
  </main>
</DocumentFragment>
`;
