// Jest Snapshot v1, https://goo.gl/fbAQLP

exports[`matches snapshot 1`] = `
<DocumentFragment>
  <div
    class="flexColumnAlignCenter_1ndpwxc container"
  >
    <div
      class="flexRowAllCenter_1cn94ih row"
    >
      <p
        class="title_8noqbn"
      >
        Please select your birthdate:
      </p>
    </div>
    <div
      class="flexRowAllCenter_1cn94ih-o_O-datePickerRow_1dmvaf1 row"
    >
      <div
        class="datepicker android"
      >
        <div
          class="datepicker-content"
        >
          <div
            class="datepicker-col-1"
          >
            <div
              class="datepicker-viewport"
            >
              <div
                class="datepicker-wheel"
              >
                <ul
                  class="datepicker-scroll"
                  style="transform: translateY(-200px); margin-top: 0px;"
                >
                  <li
                    class=""
                  >
                    Sep
                  </li>
                  <li
                    class=""
                  >
                    Oct
                  </li>
                  <li
                    class=""
                  >
                    Nov
                  </li>
                  <li
                    class=""
                  >
                    Dec
                  </li>
                  <li
                    class=""
                  >
                    Jan
                  </li>
                  <li
                    class=""
                  >
                    Feb
                  </li>
                  <li
                    class=""
                  >
                    Mar
                  </li>
                  <li
                    class=""
                  >
                    Apr
                  </li>
                  <li
                    class=""
                  >
                    May
                  </li>
                  <li
                    class=""
                  >
                    Jun
                  </li>
                </ul>
              </div>
            </div>
          </div>
          <div
            class="datepicker-col-1"
          >
            <div
              class="datepicker-viewport"
            >
              <div
                class="datepicker-wheel"
              >
                <ul
                  class="datepicker-scroll"
                  style="transform: translateY(-200px); margin-top: 0px;"
                >
                  <li
                    class=""
                  >
                    27
                  </li>
                  <li
                    class=""
                  >
                    28
                  </li>
                  <li
                    class=""
                  >
                    29
                  </li>
                  <li
                    class=""
                  >
                    30
                  </li>
                  <li
                    class=""
                  >
                    31
                  </li>
                  <li
                    class=""
                  >
                    01
                  </li>
                  <li
                    class=""
                  >
                    02
                  </li>
                  <li
                    class=""
                  >
                    03
                  </li>
                  <li
                    class=""
                  >
                    04
                  </li>
                  <li
                    class=""
                  >
                    05
                  </li>
                </ul>
              </div>
            </div>
          </div>
          <div
            class="datepicker-col-1"
          >
            <div
              class="datepicker-viewport"
            >
              <div
                class="datepicker-wheel"
              >
                <ul
                  class="datepicker-scroll"
                  style="transform: translateY(-200px); margin-top: 0px;"
                >
                  <li
                    class=""
                  >
                    1980
                  </li>
                  <li
                    class=""
                  >
                    1981
                  </li>
                  <li
                    class=""
                  >
                    1982
                  </li>
                  <li
                    class=""
                  >
                    1983
                  </li>
                  <li
                    class=""
                  >
                    1984
                  </li>
                  <li
                    class=""
                  >
                    1985
                  </li>
                  <li
                    class=""
                  >
                    1986
                  </li>
                  <li
                    class=""
                  >
                    1987
                  </li>
                  <li
                    class=""
                  >
                    1988
                  </li>
                  <li
                    class=""
                  >
                    1989
                  </li>
                </ul>
              </div>
            </div>
          </div>
        </div>
      </div>
    </div>
    <p
      class="disclaimer_kdqsn7"
    >
      Your birthday will be stored and added to your Lumosity account if you choose to create one.
    </p>
    <div
      class="flexRowAllCenter_1cn94ih-o_O-buttonDiv_120lt8p row"
    >
      <button
        class="button_15gg8qi"
      >
        Submit
      </button>
    </div>
  </div>
</DocumentFragment>
`;
