// Jest Snapshot v1, https://goo.gl/fbAQLP

exports[`matches snapshot 1`] = `
<DocumentFragment>
  <div
    class="flexColumnAllCenter_1vexgx1-o_O-loadingAnimdiv_wgmchy"
  >
    <div
      class="flexColumnAllCenter_1vexgx1-o_O-loadingdiv_m9hcbg"
    >
      <div
        class="loader"
      />
    </div>
  </div>
</DocumentFragment>
`;
