// Jest Snapshot v1, https://goo.gl/fbAQLP

exports[`UserBar displays the correct info 1`] = `
<DocumentFragment>
  <div
    class="fade modal-backdrop show"
  />
  <div
    aria-modal="true"
    class="fade modal_d8krus modal show"
    role="dialog"
    style="display: block;"
    tabindex="-1"
  >
    <div
      class="modal-dialog"
    >
      <div
        class="modal-content"
      >
        <div
          class="modal-body"
        >
          <div
            class="flexColumnAlignCenter_1ndpwxc-o_O-avatarDiv_tmuzvm"
          >
            <img
              alt="Avatar"
              class="avatarImg_106i4z8"
              src="/assets/guest_avatar.svg"
            />
          </div>
          <div
            class="container_d8ev20 container"
          >
            <div
              class="row"
            >
              <div
                class="col-6"
              >
                <p
                  class="labelsText_1tsmx9q"
                >
                  Email
                </p>
              </div>
              <div
                class="col-6"
              >
                <p
                  class="valueText_lf2rem-o_O-email_1iurgbx"
                >
                  email@example.com
                </p>
              </div>
            </div>
            <div
              class="row"
            >
              <div
                class="col-6"
              >
                <p
                  class="labelsText_1tsmx9q"
                >
                  Name
                </p>
              </div>
              <div
                class="col-6"
              >
                <p
                  class="valueText_lf2rem"
                >
                  Lumosity User
                </p>
              </div>
            </div>
            <div
              class="row"
            >
              <div
                class="col-6"
              >
                <p
                  class="labelsText_1tsmx9q"
                >
                  Time Zone
                </p>
              </div>
              <div
                class="col-6"
              >
                <p
                  class="valueText_lf2rem"
                >
                  Pacific Time
                </p>
              </div>
            </div>
            <div
              class="row"
            >
              <div
                class="col-6"
              >
                <p
                  class="labelsText_1tsmx9q"
                >
                  Language
                </p>
              </div>
              <div
                class="col-6"
              >
                <p
                  class="valueText_lf2rem"
                >
                  English
                </p>
              </div>
            </div>
            <div
              class="row"
            >
              <div
                class="col"
              >
                <p
                  class="valueText_lf2rem-o_O-unlinkText_12to336"
                >
                  To unlink your Lumosity account from Google, visit myaccount.google.com/permissions.
                  <br />
                  <br />
                  To delete your Lumosity account, visit Lumosity.com.
                </p>
              </div>
            </div>
          </div>
        </div>
      </div>
    </div>
  </div>
</DocumentFragment>
`;

exports[`matches snapshot 1`] = `
<DocumentFragment>
  <div
    class="fade modal-backdrop show"
  />
  <div
    aria-modal="true"
    class="fade modal_d8krus modal show"
    role="dialog"
    style="display: block;"
    tabindex="-1"
  >
    <div
      class="modal-dialog"
    >
      <div
        class="modal-content"
      >
        <div
          class="modal-body"
        >
          <div
            class="flexColumnAlignCenter_1ndpwxc-o_O-avatarDiv_tmuzvm"
          >
            <img
              alt="Avatar"
              class="avatarImg_106i4z8"
              src="/assets/guest_avatar.svg"
            />
          </div>
          <div
            class="container_d8ev20 container"
          >
            <div
              class="row"
            >
              <div
                class="col-6"
              >
                <p
                  class="labelsText_1tsmx9q"
                >
                  Email
                </p>
              </div>
              <div
                class="col-6"
              >
                <p
                  class="valueText_lf2rem-o_O-email_1iurgbx"
                >
                  email@example.com
                </p>
              </div>
            </div>
            <div
              class="row"
            >
              <div
                class="col-6"
              >
                <p
                  class="labelsText_1tsmx9q"
                >
                  Name
                </p>
              </div>
              <div
                class="col-6"
              >
                <p
                  class="valueText_lf2rem"
                >
                  Lumosity User
                </p>
              </div>
            </div>
            <div
              class="row"
            >
              <div
                class="col-6"
              >
                <p
                  class="labelsText_1tsmx9q"
                >
                  Time Zone
                </p>
              </div>
              <div
                class="col-6"
              >
                <p
                  class="valueText_lf2rem"
                >
                  Pacific Time
                </p>
              </div>
            </div>
            <div
              class="row"
            >
              <div
                class="col-6"
              >
                <p
                  class="labelsText_1tsmx9q"
                >
                  Language
                </p>
              </div>
              <div
                class="col-6"
              >
                <p
                  class="valueText_lf2rem"
                >
                  English
                </p>
              </div>
            </div>
            <div
              class="row"
            >
              <div
                class="col"
              >
                <p
                  class="valueText_lf2rem-o_O-unlinkText_12to336"
                >
                  To unlink your Lumosity account from Google, visit myaccount.google.com/permissions.
                  <br />
                  <br />
                  To delete your Lumosity account, visit Lumosity.com.
                </p>
              </div>
            </div>
          </div>
        </div>
      </div>
    </div>
  </div>
</DocumentFragment>
`;
