// Jest Snapshot v1, https://goo.gl/fbAQLP

exports[`Index page matches snapshot 1`] = `
<DocumentFragment>
  <main>
    <div
      class="app_1mrdeqi"
    >
      <div
        class="mainContent_lvw97s"
      >
        <div
          class="flexColumnJustifyCenter_66qnx8-o_O-fullHeight_149btvt"
        >
          <div
            class="loader"
          />
        </div>
      </div>
    </div>
  </main>
</DocumentFragment>
`;
